[INFO] Scanning for projects...
[INFO] 
[INFO] ------------------< com.linman:account-book-backend >-------------------
[INFO] Building account-book-backend 0.0.1-SNAPSHOT
[INFO] --------------------------------[ jar ]---------------------------------
[INFO] 
[INFO] --- maven-resources-plugin:3.3.1:resources (default-resources) @ account-book-backend ---
[INFO] Copying 1 resource from src\main\resources to target\classes
[INFO] Copying 1 resource from src\main\resources to target\classes
[INFO] 
[INFO] --- maven-compiler-plugin:3.13.0:compile (default-compile) @ account-book-backend ---
[INFO] Nothing to compile - all classes are up to date.
[INFO] 
[INFO] --- maven-resources-plugin:3.3.1:testResources (default-testResources) @ account-book-backend ---
[INFO] Copying 1 resource from src\test\resources to target\test-classes
[INFO] 
[INFO] --- maven-compiler-plugin:3.13.0:testCompile (default-testCompile) @ account-book-backend ---
[INFO] Nothing to compile - all classes are up to date.
[INFO] 
[INFO] --- maven-surefire-plugin:3.2.5:test (default-test) @ account-book-backend ---
[INFO] Using auto detected provider org.apache.maven.surefire.junitplatform.JUnitPlatformProvider
[INFO] 
[INFO] -------------------------------------------------------
[INFO]  T E S T S
[INFO] -------------------------------------------------------
[INFO] Running com.linman.account.service.UserServiceTest
21:05:11.833 [main] INFO org.springframework.boot.test.context.SpringBootTestContextBootstrapper -- Found @SpringBootConfiguration com.linman.account.AccountApplication for test class com.linman.account.service.UserServiceTest

  .   ____          _            __ _ _
 /\\ / ___'_ __ _ _(_)_ __  __ _ \ \ \ \
( ( )\___ | '_ | '_| | '_ \/ _` | \ \ \ \
 \\/  ___)| |_)| | | | | || (_| |  ) ) ) )
  '  |____| .__|_| |_|_| |_\__, | / / / /
 =========|_|==============|___/=/_/_/_/

 :: Spring Boot ::                (v3.3.5)

2026-07-18T21:05:12.224+08:00  INFO 1468 --- [           main] c.l.account.service.UserServiceTest      : Starting UserServiceTest using Java 21.0.11 with PID 1468 (started by w1590 in d:\itcast\vibeCoding\vibeCoding_HeiMa\account_book\backend)
2026-07-18T21:05:12.225+08:00  INFO 1468 --- [           main] c.l.account.service.UserServiceTest      : No active profile set, falling back to 1 default profile: "default"
2026-07-18T21:05:12.716+08:00  INFO 1468 --- [           main] .s.d.r.c.RepositoryConfigurationDelegate : Bootstrapping Spring Data JPA repositories in DEFAULT mode.
2026-07-18T21:05:12.815+08:00  INFO 1468 --- [           main] .s.d.r.c.RepositoryConfigurationDelegate : Finished Spring Data repository scanning in 92 ms. Found 7 JPA repository interfaces.
2026-07-18T21:05:12.861+08:00  INFO 1468 --- [           main] beddedDataSourceBeanFactoryPostProcessor : Replacing 'dataSource' DataSource bean with embedded version
2026-07-18T21:05:13.021+08:00  INFO 1468 --- [           main] o.s.j.d.e.EmbeddedDatabaseFactory        : Starting embedded database: url='jdbc:h2:mem:cf03d1a6-e587-423d-a01d-2f34e2763d1f;DB_CLOSE_DELAY=-1;DB_CLOSE_ON_EXIT=false', username='sa'
2026-07-18T21:05:13.320+08:00  INFO 1468 --- [           main] o.hibernate.jpa.internal.util.LogHelper  : HHH000204: Processing PersistenceUnitInfo [name: default]
2026-07-18T21:05:13.377+08:00  INFO 1468 --- [           main] org.hibernate.Version                    : HHH000412: Hibernate ORM core version 6.5.3.Final
2026-07-18T21:05:13.412+08:00  INFO 1468 --- [           main] o.h.c.internal.RegionFactoryInitiator    : HHH000026: Second-level cache disabled
2026-07-18T21:05:13.745+08:00  INFO 1468 --- [           main] o.s.o.j.p.SpringPersistenceUnitInfo      : No LoadTimeWeaver setup: ignoring JPA class transformer
2026-07-18T21:05:14.641+08:00  INFO 1468 --- [           main] o.h.e.t.j.p.i.JtaPlatformInitiator       : HHH000489: No JTA platform available (set 'hibernate.transaction.jta.platform' to enable JTA platform integration)
Hibernate: 
    drop table if exists "category" cascade 
Hibernate: 
    drop table if exists "feedback" cascade 
Hibernate: 
    drop table if exists "game_score" cascade 
Hibernate: 
    drop table if exists "notification" cascade 
Hibernate: 
    drop table if exists "record" cascade 
Hibernate: 
    drop table if exists "user" cascade 
Hibernate: 
    drop table if exists "user_violation" cascade 
Hibernate: 
    create table "category" (
        "is_system" boolean not null,
        "sort_order" integer not null,
        "created_at" timestamp(6),
        "id" bigint generated by default as identity,
        "parent_id" bigint,
        "user_id" bigint,
        "icon" varchar(10),
        "type" varchar(20),
        "name" varchar(50) not null,
        primary key ("id")
    )
Hibernate: 
    create table "feedback" (
        "created_at" timestamp(6),
        "id" bigint generated by default as identity,
        "user_id" bigint not null,
        "content" varchar(255) not null,
        "reply" varchar(255),
        "status" varchar(255) not null,
        primary key ("id")
    )
Hibernate: 
    create table "game_score" (
        "score" integer not null,
        "id" bigint generated by default as identity,
        "played_at" timestamp(6),
        "user_id" bigint not null,
        primary key ("id")
    )
Hibernate: 
    create table "notification" (
        "is_read" boolean,
        "created_at" timestamp(6),
        "id" bigint generated by default as identity,
        "user_id" bigint not null,
        "content" varchar(255) not null,
        "title" varchar(255) not null,
        primary key ("id")
    )
Hibernate: 
    create table "record" (
        "amount" numeric(12,2) not null,
        "record_date" date not null,
        "created_at" timestamp(6),
        "id" bigint generated by default as identity,
        "user_id" bigint not null,
        "type" varchar(20) not null,
        "category_l1" varchar(50),
        "category_l2" varchar(50),
        "note" varchar(255),
        primary key ("id")
    )
Hibernate: 
    create table "user" (
        "created_at" timestamp(6),
        "id" bigint generated by default as identity,
        "password_hash" varchar(255) not null,
        "username" varchar(255) not null unique,
        "role" enum ('ADMIN','USER') not null,
        "status" enum ('DISABLED','ENABLED') not null,
        primary key ("id")
    )
Hibernate: 
    create table "user_violation" (
        "count" integer not null,
        "notified" boolean not null,
        "first_at" timestamp(6) not null,
        "id" bigint generated by default as identity,
        "last_at" timestamp(6) not null,
        "user_id" bigint not null,
        "violation_type" varchar(50) not null,
        primary key ("id"),
        unique ("user_id", "violation_type")
    )
2026-07-18T21:05:14.683+08:00  INFO 1468 --- [           main] j.LocalContainerEntityManagerFactoryBean : Initialized JPA EntityManagerFactory for persistence unit 'default'
2026-07-18T21:05:15.038+08:00  INFO 1468 --- [           main] o.s.d.j.r.query.QueryEnhancerFactory     : Hibernate is in classpath; If applicable, HQL parser will be used.
2026-07-18T21:05:15.664+08:00  INFO 1468 --- [           main] c.l.account.service.UserServiceTest      : Started UserServiceTest in 3.771 seconds (process running for 4.678)
WARNING: A Java agent has been loaded dynamically (D:\software\IDEA\IntelliJ IDEA 2025.3.3\mvn_repo\net\bytebuddy\byte-buddy-agent\1.14.19\byte-buddy-agent-1.14.19.jar)
WARNING: If a serviceability tool is in use, please run with -XX:+EnableDynamicAgentLoading to hide this warning
WARNING: If a serviceability tool is not in use, please run with -Djdk.instrument.traceUsage for more information
WARNING: Dynamic loading of agents will be disallowed by default in a future release
Java HotSpot(TM) 64-Bit Server VM warning: Sharing is only supported for boot loader classes because bootstrap classpath has been appended
Hibernate: 
    insert 
    into
        "user"
        ("created_at", "password_hash", "role", "status", "username", "id") 
    values
        (?, ?, ?, ?, ?, default)
Hibernate: 
    insert 
    into
        "user"
        ("created_at", "password_hash", "role", "status", "username", "id") 
    values
        (?, ?, ?, ?, ?, default)
Hibernate: 
    insert 
    into
        "user"
        ("created_at", "password_hash", "role", "status", "username", "id") 
    values
        (?, ?, ?, ?, ?, default)
Hibernate: 
    insert 
    into
        "user"
        ("created_at", "password_hash", "role", "status", "username", "id") 
    values
        (?, ?, ?, ?, ?, default)
Hibernate: 
    insert 
    into
        "user"
        ("created_at", "password_hash", "role", "status", "username", "id") 
    values
        (?, ?, ?, ?, ?, default)
Hibernate: 
    insert 
    into
        "user"
        ("created_at", "password_hash", "role", "status", "username", "id") 
    values
        (?, ?, ?, ?, ?, default)
Hibernate: 
    select
        u1_0."id",
        u1_0."created_at",
        u1_0."password_hash",
        u1_0."role",
        u1_0."status",
        u1_0."username" 
    from
        "user" u1_0 
    where
        u1_0."username"=?
Hibernate: 
    insert 
    into
        "user"
        ("created_at", "password_hash", "role", "status", "username", "id") 
    values
        (?, ?, ?, ?, ?, default)
Hibernate: 
    select
        u1_0."id",
        u1_0."created_at",
        u1_0."password_hash",
        u1_0."role",
        u1_0."status",
        u1_0."username" 
    from
        "user" u1_0 
    where
        u1_0."username"=?
Hibernate: 
    insert 
    into
        "user"
        ("created_at", "password_hash", "role", "status", "username", "id") 
    values
        (?, ?, ?, ?, ?, default)
Hibernate: 
    insert 
    into
        "user"
        ("created_at", "password_hash", "role", "status", "username", "id") 
    values
        (?, ?, ?, ?, ?, default)
Hibernate: 
    insert 
    into
        "user"
        ("created_at", "password_hash", "role", "status", "username", "id") 
    values
        (?, ?, ?, ?, ?, default)
Hibernate: 
    insert 
    into
        "user"
        ("created_at", "password_hash", "role", "status", "username", "id") 
    values
        (?, ?, ?, ?, ?, default)
Hibernate: 
    select
        u1_0."id",
        u1_0."created_at",
        u1_0."password_hash",
        u1_0."role",
        u1_0."status",
        u1_0."username" 
    from
        "user" u1_0
Hibernate: 
    insert 
    into
        "user"
        ("created_at", "password_hash", "role", "status", "username", "id") 
    values
        (?, ?, ?, ?, ?, default)
Hibernate: 
    select
        u1_0."id" 
    from
        "user" u1_0 
    where
        u1_0."username"=? 
    fetch
        first ? rows only
Hibernate: 
    select
        u1_0."id" 
    from
        "user" u1_0 
    where
        u1_0."username"=? 
    fetch
        first ? rows only
Hibernate: 
    insert 
    into
        "user"
        ("created_at", "password_hash", "role", "status", "username", "id") 
    values
        (?, ?, ?, ?, ?, default)
Hibernate: 
    select
        u1_0."id",
        u1_0."created_at",
        u1_0."password_hash",
        u1_0."role",
        u1_0."status",
        u1_0."username" 
    from
        "user" u1_0 
    where
        u1_0."username"=?
[ERROR] Tests run: 9, Failures: 0, Errors: 1, Skipped: 0, Time elapsed: 6.218 s <<< FAILURE! -- in com.linman.account.service.UserServiceTest
[ERROR] com.linman.account.service.UserServiceTest.updateUser_success -- Time elapsed: 0.087 s <<< ERROR!
com.linman.account.common.BizException: 未登录或登录已过期
	at com.linman.account.security.SecurityHelper.getCurrentUserId(SecurityHelper.java:15)
	at com.linman.account.service.UserService.updateUser(UserService.java:107)
	at com.linman.account.service.UserServiceTest.updateUser_success(UserServiceTest.java:106)
	at java.base/java.lang.reflect.Method.invoke(Method.java:580)
	at java.base/java.util.ArrayList.forEach(ArrayList.java:1596)
	at java.base/java.util.ArrayList.forEach(ArrayList.java:1596)

[INFO] 
[INFO] Results:
[INFO] 
[ERROR] Errors: 
[ERROR]   UserServiceTest.updateUser_success:106 » Biz 未登录或登录已过期
[INFO] 
[ERROR] Tests run: 9, Failures: 0, Errors: 1, Skipped: 0
[INFO] 
[INFO] ------------------------------------------------------------------------
[INFO] BUILD FAILURE
[INFO] ------------------------------------------------------------------------
[INFO] Total time:  8.723 s
[INFO] Finished at: 2026-07-18T21:05:17+08:00
[INFO] ------------------------------------------------------------------------
[ERROR] Failed to execute goal org.apache.maven.plugins:maven-surefire-plugin:3.2.5:test (default-test) on project account-book-backend: 
[ERROR] 
[ERROR] Please refer to d:\itcast\vibeCoding\vibeCoding_HeiMa\account_book\backend\target\surefire-reports for the individual test results.
[ERROR] Please refer to dump files (if any exist) [date].dump, [date]-jvmRun[N].dump and [date].dumpstream.
[ERROR] -> [Help 1]
[ERROR] 
[ERROR] To see the full stack trace of the errors, re-run Maven with the -e switch.
[ERROR] Re-run Maven using the -X switch to enable full debug logging.
[ERROR] 
[ERROR] For more information about the errors and possible solutions, please read the following articles:
[ERROR] [Help 1] http://cwiki.apache.org/confluence/display/MAVEN/MojoFailureException
